[dotenv@17.2.3] injecting env (16) from .env -- tip: ΓÜÖ∩╕Å  override existing env vars with { override: true }
Testing AI Service...
GEMINI_API_KEY present: true
[AI SERVICE] Generating 2 mcq questions for Mathematics (Calculus) - SSS 3
node : [AI SERVICE] Error during Gemini generation: GoogleGenerativeAIFetchError: [GoogleGenerativeAI Error]: Error 
fetching from https://generativelanguage.googleapis.com/v1beta/models/gemini-1.5-flash:generateContent: [404 Not 
Found] models/gemini-1.5-flash is not found for API version v1beta, or is not supported for generateContent. Call 
ListModels to see the list of available models and their supported methods.
At line:1 char:1
+ node test-ai.js > test-output.txt 2>&1
+ ~~~~~~~~~~~~~~~~~~~~~~~~~~~~~~~~~~~~~~
    + CategoryInfo          : NotSpecified: ([AI SERVICE] Er...ported methods.:String) [], RemoteException
    + FullyQualifiedErrorId : NativeCommandError
 
    at handleResponseNotOk 
(C:\Users\HP\Documents\CbtApp\cbt-system\backend\node_modules\@google\generative-ai\dist\index.js:434:11)
    at process.processTicksAndRejections (node:internal/process/task_queues:103:5)
    at async makeRequest 
(C:\Users\HP\Documents\CbtApp\cbt-system\backend\node_modules\@google\generative-ai\dist\index.js:403:9)
    at async generateContent 
(C:\Users\HP\Documents\CbtApp\cbt-system\backend\node_modules\@google\generative-ai\dist\index.js:867:22)
    at async exports.generateQuestions (C:\Users\HP\Documents\CbtApp\cbt-system\backend\src\utils\aiService.js:60:24)
    at async test (C:\Users\HP\Documents\CbtApp\cbt-system\backend\test-ai.js:9:27) {
  status: 404,
  statusText: 'Not Found',
  errorDetails: undefined
}
SUCCESS! Generated Questions:
[
  {
    "text": "[STABILITY MOCK] Which of these relates to Calculus in Mathematics?",
    "type": "mcq",
    "options": [
      "Option Segment Alpha",
      "Option Segment Beta",
      "Option Segment Gamma",
      "Option Segment Delta"
    ],
    "correctOptions": [
      0
    ],
    "marks": 2,
    "correctAnswer": "",
    "imageUrl": ""
  },
  {
    "text": "[STABILITY MOCK] Which of these relates to Calculus in Mathematics?",
    "type": "mcq",
    "options": [
      "Option Segment Alpha",
      "Option Segment Beta",
      "Option Segment Gamma",
      "Option Segment Delta"
    ],
    "correctOptions": [
      0
    ],
    "marks": 2,
    "correctAnswer": "",
    "imageUrl": ""
  }
]
